// Jest Snapshot v1, https://goo.gl/fbAQLP

exports[`Logo Should render logo 1`] = `
<div
  className="logo"
>
  <p />
  <img
    alt="FeatherGlobe"
    className="logo"
    src="../images/globe.gif"
  />
</div>
`;
