// Jest Snapshot v1, https://goo.gl/fbAQLP

exports[`Backdrop should return Return 1`] = `null`;

exports[`Backdrop should return Return null if show == false 1`] = `null`;

exports[`Backdrop should return Return null if show == true 1`] = `null`;
