// Jest Snapshot v1, https://goo.gl/fbAQLP

exports[`Counter Should render 1`] = `
<span>
  Counter: 
</span>
`;
