// Jest Snapshot v1, https://goo.gl/fbAQLP

exports[`404 Should render 1`] = `
<div>
   Missing Page
</div>
`;
